exports[`Storyshots Buttons Button 1`] = `
<div
  style={
    Object {
      "alignItems": "center",
      "bottom": 0,
      "display": "flex",
      "height": "100vh",
      "justifyContent": "center",
      "left": 0,
      "position": "absolute",
      "right": 0,
      "top": 0,
    }
  }>
  <div>
    <div
      style={
        Object {
          "position": "relative",
          "zIndex": 0,
        }
      }>
      <button
        className="hpTakF">
        Авиабилеты
      </button>
    </div>
    <a
      onClick={[Function]}
      style={
        Object {
          "background": "#28c",
          "borderRadius": "0 0 0 5px",
          "color": "#fff",
          "cursor": "pointer",
          "display": "block",
          "fontFamily": "sans-serif",
          "fontSize": 12,
          "padding": "5px 15px",
          "position": "fixed",
          "right": 0,
          "textDecoration": "none",
          "top": 0,
        }
      }>
      ?
    </a>
    <div
      style={
        Object {
          "background": "white",
          "bottom": 0,
          "display": "none",
          "left": 0,
          "overflow": "auto",
          "padding": "0 40px",
          "position": "absolute",
          "right": 0,
          "top": 0,
        }
      }>
      <a
        onClick={[Function]}
        style={
          Object {
            "background": "#28c",
            "borderRadius": "0 0 0 5px",
            "color": "#fff",
            "cursor": "pointer",
            "display": "block",
            "fontFamily": "sans-serif",
            "fontSize": 12,
            "padding": "5px 15px",
            "position": "fixed",
            "right": 0,
            "textDecoration": "none",
            "top": 0,
          }
        }>
        ×
      </a>
      <div
        style={undefined}>
        <div
          style={
            Object {
              "WebkitFontSmoothing": "antialiased",
              "color": "#444",
              "fontFamily": "
                -apple-system, \".SFNSText-Regular\", \"San Francisco\", \"Roboto\",
                \"Segoe UI\", \"Helvetica Neue\", \"Lucida Grande\", sans-serif
              ",
              "fontSize": 15,
              "fontWeight": 300,
              "lineHeight": 1.45,
            }
          }>
          <div
            style={
              Object {
                "borderBottom": "1px solid #eee",
                "marginBottom": 10,
              }
            }>
            <h1
              style={
                Object {
                  "fontSize": 35,
                  "margin": "20px 0 0 0",
                  "padding": 0,
                }
              }>
              Buttons
            </h1>
            <h2
              style={
                Object {
                  "fontSize": 22,
                  "fontWeight": 400,
                  "margin": "0 0 10px 0",
                  "padding": 0,
                }
              }>
              Button
            </h2>
          </div>
          <div
            style={
              Object {
                "marginBottom": 0,
              }
            }>
            <p
              style={
                Object {
                  "WebkitFontSmoothing": "antialiased",
                  "color": "#444",
                  "fontFamily": "
                    -apple-system, \".SFNSText-Regular\", \"San Francisco\", \"Roboto\",
                    \"Segoe UI\", \"Helvetica Neue\", \"Lucida Grande\", sans-serif
                  ",
                  "fontSize": 15,
                }
              }>
              description
            </p>
          </div>
          <div>
            <h1
              style={
                Object {
                  "borderBottom": "1px solid #EEE",
                  "fontSize": 25,
                  "margin": "20px 0 0 0",
                  "padding": "0 0 5px 0",
                }
              }>
              Story Source
            </h1>
            <pre
              style={
                Object {
                  "backgroundColor": "#fafafa",
                  "fontFamily": "Menlo, Monaco, \"Courier New\", monospace",
                  "fontSize": ".88em",
                  "lineHeight": 1.5,
                  "overflowX": "scroll",
                  "padding": ".5rem",
                }
              }>
              <div>
                <div
                  style={
                    Object {
                      "paddingLeft": 18,
                      "paddingRight": 3,
                    }
                  }>
                  <span
                    style={
                      Object {
                        "color": "#777",
                      }
                    }>
                    <
                    Button
                  </span>
                  <span />
                  <span
                    style={
                      Object {
                        "color": "#777",
                      }
                    }>
                    >
                  </span>
                </div>
                <div
                  style={
                    Object {
                      "paddingLeft": 33,
                      "paddingRight": 3,
                    }
                  }>
                  <span
                    style={
                      Object {
                        "color": "#777",
                      }
                    }>
                    Авиабилеты
                  </span>
                </div>
                <div
                  style={
                    Object {
                      "paddingLeft": 18,
                      "paddingRight": 3,
                    }
                  }>
                  <span
                    style={
                      Object {
                        "color": "#777",
                      }
                    }>
                    </
                    Button
                    >
                  </span>
                </div>
              </div>
            </pre>
          </div>
          <div>
            <h1
              style={
                Object {
                  "borderBottom": "1px solid #EEE",
                  "fontSize": 25,
                  "margin": "20px 0 0 0",
                  "padding": "0 0 5px 0",
                }
              }>
              Prop Types
            </h1>
            <div>
              <h2
                style={
                  Object {
                    "margin": "20px 0 0 0",
                  }
                }>
                \"
                Button
                \" Component
              </h2>
              <table
                style={
                  Object {
                    "borderCollapse": "separate",
                    "borderSpacing": "10px 5px",
                    "marginLeft": -10,
                  }
                }>
                <thead>
                  <tr>
                    <th>
                      property
                    </th>
                    <th>
                      propType
                    </th>
                    <th>
                      required
                    </th>
                    <th>
                      default
                    </th>
                  </tr>
                </thead>
                <tbody>
                  <tr>
                    <td>
                      children
                    </td>
                    <td>
                      node
                    </td>
                    <td>
                      no
                    </td>
                    <td>
                      -
                    </td>
                  </tr>
                </tbody>
              </table>
            </div>
          </div>
        </div>
      </div>
    </div>
  </div>
</div>
`;
